// Jest Snapshot v1, https://goo.gl/fbAQLP

exports[`Link button matches snapshot for complex links 1`] = `
<div>
  <style
    data-mantine-styles="classes"
  >
    @media (max-width: 35.99375em) {.mantine-visible-from-xs {display: none !important;}}@media (min-width: 36em) {.mantine-hidden-from-xs {display: none !important;}}@media (max-width: 47.99375em) {.mantine-visible-from-sm {display: none !important;}}@media (min-width: 48em) {.mantine-hidden-from-sm {display: none !important;}}@media (max-width: 61.99375em) {.mantine-visible-from-md {display: none !important;}}@media (min-width: 62em) {.mantine-hidden-from-md {display: none !important;}}@media (max-width: 74.99375em) {.mantine-visible-from-lg {display: none !important;}}@media (min-width: 75em) {.mantine-hidden-from-lg {display: none !important;}}@media (max-width: 87.99375em) {.mantine-visible-from-xl {display: none !important;}}@media (min-width: 88em) {.mantine-hidden-from-xl {display: none !important;}}
  </style>
  <a
    class="mantine-focus-auto mantine-active m-77c9d27d mantine-Button-root m-87cf2631 mantine-UnstyledButton-root"
    data-with-left-section="true"
    href="Test Link"
    style="--button-bg: mink; --button-hover: rgba(0, 0, 0, 1); --button-color: var(--mantine-color-white); --button-bd: calc(0.0625rem * var(--mantine-scale)) solid transparent;"
  >
    <span
      aria-hidden="true"
      class="m-a25b86ee mantine-Button-loader"
    >
      <span
        class="m-b34414df m-5ae2e3c mantine-Loader-root"
        style="--loader-size: calc(var(--button-height) / 1.8); --loader-color: var(--button-color);"
      />
    </span>
    <span
      class="m-80f1301b mantine-Button-inner"
    >
      <span
        class="m-a74036a mantine-Button-section"
        data-position="left"
      >
        Left section
      </span>
      <span
        class="m-811560b9 mantine-Button-label"
      >
        Text
      </span>
    </span>
  </a>
</div>
`;

exports[`Link button matches snapshot for simple links 1`] = `
<div>
  <style
    data-mantine-styles="classes"
  >
    @media (max-width: 35.99375em) {.mantine-visible-from-xs {display: none !important;}}@media (min-width: 36em) {.mantine-hidden-from-xs {display: none !important;}}@media (max-width: 47.99375em) {.mantine-visible-from-sm {display: none !important;}}@media (min-width: 48em) {.mantine-hidden-from-sm {display: none !important;}}@media (max-width: 61.99375em) {.mantine-visible-from-md {display: none !important;}}@media (min-width: 62em) {.mantine-hidden-from-md {display: none !important;}}@media (max-width: 74.99375em) {.mantine-visible-from-lg {display: none !important;}}@media (min-width: 75em) {.mantine-hidden-from-lg {display: none !important;}}@media (max-width: 87.99375em) {.mantine-visible-from-xl {display: none !important;}}@media (min-width: 88em) {.mantine-hidden-from-xl {display: none !important;}}
  </style>
  <a
    class="mantine-focus-auto mantine-active m-77c9d27d mantine-Button-root m-87cf2631 mantine-UnstyledButton-root"
    href="Test Link"
  >
    <span
      aria-hidden="true"
      class="m-a25b86ee mantine-Button-loader"
    >
      <span
        class="m-b34414df m-5ae2e3c mantine-Loader-root"
        style="--loader-size: calc(var(--button-height) / 1.8); --loader-color: var(--button-color);"
      />
    </span>
    <span
      class="m-80f1301b mantine-Button-inner"
    >
      <span
        class="m-811560b9 mantine-Button-label"
      >
        Text
      </span>
    </span>
  </a>
</div>
`;
