// Jest Snapshot v1, https://goo.gl/fbAQLP

exports[`GameboxMedium Matches snapshot 1`] = `
<div>
  <style
    data-mantine-styles="classes"
  >
    @media (max-width: 35.99375em) {.mantine-visible-from-xs {display: none !important;}}@media (min-width: 36em) {.mantine-hidden-from-xs {display: none !important;}}@media (max-width: 47.99375em) {.mantine-visible-from-sm {display: none !important;}}@media (min-width: 48em) {.mantine-hidden-from-sm {display: none !important;}}@media (max-width: 61.99375em) {.mantine-visible-from-md {display: none !important;}}@media (min-width: 62em) {.mantine-hidden-from-md {display: none !important;}}@media (max-width: 74.99375em) {.mantine-visible-from-lg {display: none !important;}}@media (min-width: 75em) {.mantine-hidden-from-lg {display: none !important;}}@media (max-width: 87.99375em) {.mantine-visible-from-xl {display: none !important;}}@media (min-width: 88em) {.mantine-hidden-from-xl {display: none !important;}}
  </style>
  <div
    class="container"
  >
    <div
      class="gamebox"
    >
      <a
        href="/app/game/123"
      >
        <div
          class="imageBox"
        >
          <img
            alt="Test game"
            class="card-img-top image"
            data-nimg="1"
            decoding="async"
            height="150"
            loading="lazy"
            src="testthumbnail"
            style="color: transparent;"
            width="200"
          />
        </div>
      </a>
      <div
        class="title"
      >
        <h3
          class="card-title"
        >
          <a
            href="/app/game/123"
          >
            Test game
          </a>
        </h3>
      </div>
      <div
        class="info"
      >
        <div
          class="infoBox"
        >
          <div
            class="metric"
          >
            1
            -
            5
          </div>
          <div
            class="label"
          >
            Attributes.Players
          </div>
        </div>
        <div
          class="infoBox"
        >
          <div
            class="metric"
          >
            120
          </div>
          <div
            class="label"
          >
            Filters.Traits.PlayingTime
          </div>
        </div>
        <div
          class="infoBox"
        >
          <div
            class="metric"
          >
            3.8
          </div>
          <div
            class="label"
          >
            Attributes.Weight
          </div>
        </div>
      </div>
      <div
        class="collectionbuttons"
      >
        <button
          aria-label="States.Own"
          class="button statusButton"
          role="button"
          tabindex="0"
        >
          <i
            class="bi bi-box-seam-fill"
          />
        </button>
        <button
          aria-label="States.WantToPlay"
          class="button statusButton"
          role="button"
          tabindex="0"
        >
          <i
            class="bi bi-dice-3-fill"
          />
        </button>
        <button
          aria-label="States.Wishlist"
          class="button statusButton"
          role="button"
          tabindex="0"
        >
          <i
            class="bi bi-gift-fill"
          />
        </button>
      </div>
    </div>
    <a
      class="friends"
      href="/app/game/123"
    >
      <div
        class="collection"
      >
        Avatar
        Avatar
        Avatar
        Avatar
        Avatar
        Avatar
        Avatar
        Avatar
        Avatar
        Avatar
      </div>
      <div
        class="collection"
      >
        Avatar
        Avatar
        Avatar
        Avatar
        Avatar
        Avatar
        Avatar
        Avatar
        Avatar
        Avatar
      </div>
      <div
        class="collection"
      >
        Avatar
        Avatar
        Avatar
        Avatar
        Avatar
        Avatar
        Avatar
        Avatar
        Avatar
        Avatar
      </div>
    </a>
  </div>
</div>
`;

exports[`GameboxMedium Matches snapshot for precise weight: default game 1`] = `
<div>
  <style
    data-mantine-styles="classes"
  >
    @media (max-width: 35.99375em) {.mantine-visible-from-xs {display: none !important;}}@media (min-width: 36em) {.mantine-hidden-from-xs {display: none !important;}}@media (max-width: 47.99375em) {.mantine-visible-from-sm {display: none !important;}}@media (min-width: 48em) {.mantine-hidden-from-sm {display: none !important;}}@media (max-width: 61.99375em) {.mantine-visible-from-md {display: none !important;}}@media (min-width: 62em) {.mantine-hidden-from-md {display: none !important;}}@media (max-width: 74.99375em) {.mantine-visible-from-lg {display: none !important;}}@media (min-width: 75em) {.mantine-hidden-from-lg {display: none !important;}}@media (max-width: 87.99375em) {.mantine-visible-from-xl {display: none !important;}}@media (min-width: 88em) {.mantine-hidden-from-xl {display: none !important;}}
  </style>
  <div
    class="container"
  >
    <div
      class="gamebox"
    >
      <a
        href="/app/game/123"
      >
        <div
          class="imageBox"
        >
          <img
            alt="Test game"
            class="card-img-top image"
            data-nimg="1"
            decoding="async"
            height="150"
            loading="lazy"
            src="testthumbnail"
            style="color: transparent;"
            width="200"
          />
        </div>
      </a>
      <div
        class="title"
      >
        <h3
          class="card-title"
        >
          <a
            href="/app/game/123"
          >
            Test game
          </a>
        </h3>
      </div>
      <div
        class="info"
      >
        <div
          class="infoBox"
        >
          <div
            class="metric"
          >
            1
            -
            5
          </div>
          <div
            class="label"
          >
            Attributes.Players
          </div>
        </div>
        <div
          class="infoBox"
        >
          <div
            class="metric"
          >
            120
          </div>
          <div
            class="label"
          >
            Filters.Traits.PlayingTime
          </div>
        </div>
        <div
          class="infoBox"
        >
          <div
            class="metric"
          >
            3.1
          </div>
          <div
            class="label"
          >
            Attributes.Weight
          </div>
        </div>
      </div>
      <div
        class="collectionbuttons"
      >
        <button
          aria-label="States.Own"
          class="button statusButton"
          role="button"
          tabindex="0"
        >
          <i
            class="bi bi-box-seam-fill"
          />
        </button>
        <button
          aria-label="States.WantToPlay"
          class="button statusButton"
          role="button"
          tabindex="0"
        >
          <i
            class="bi bi-dice-3-fill"
          />
        </button>
        <button
          aria-label="States.Wishlist"
          class="button statusButton"
          role="button"
          tabindex="0"
        >
          <i
            class="bi bi-gift-fill"
          />
        </button>
      </div>
    </div>
    <a
      class="friends"
      href="/app/game/123"
    >
      <div
        class="collection"
      >
        Avatar
        Avatar
        Avatar
        Avatar
        Avatar
        Avatar
        Avatar
        Avatar
        Avatar
        Avatar
      </div>
      <div
        class="collection"
      >
        Avatar
        Avatar
        Avatar
        Avatar
        Avatar
        Avatar
        Avatar
        Avatar
        Avatar
        Avatar
      </div>
      <div
        class="collection"
      >
        Avatar
        Avatar
        Avatar
        Avatar
        Avatar
        Avatar
        Avatar
        Avatar
        Avatar
        Avatar
      </div>
    </a>
  </div>
</div>
`;
